// Jest Snapshot v1, https://goo.gl/fbAQLP

exports[`App component App should match its snapshot 1`] = `ShallowWrapper {}`;
